  Determining projects to restore...
  All projects are up-to-date for restore.
  FootballBooking.Models -> C:\c#football_booking\FootballBooking.Models\bin\Debug\net10.0\FootballBooking.Models.dll
  FootballBooking.DAL -> C:\c#football_booking\FootballBooking.DAL\bin\Debug\net10.0\FootballBooking.DAL.dll
  FootballBooking.BLL -> C:\c#football_booking\FootballBooking.BLL\bin\Debug\net10.0\FootballBooking.BLL.dll
  FootballBooking.UI -> C:\c#football_booking\FootballBooking.UI\bin\Debug\net10.0-windows\FootballBooking.UI.dll
C:\Program Files\dotnet\sdk\10.0.201\Microsoft.Common.CurrentVersion.targets(5395,5): warning MSB3026: Could not copy "C:\c#football_booking\FootballBooking.Web\obj\Debug\net10.0\apphost.exe" to "bin\Debug\net10.0\FootballBooking.Web.exe". Beginning retry 1 in 1000ms. The process cannot access the file 'C:\c#football_booking\FootballBooking.Web\bin\Debug\net10.0\FootballBooking.Web.exe' because it is being used by another process. The file is locked by: "FootballBooking.Web (21068)" [C:\c#football_booking\FootballBooking.Web\FootballBooking.Web.csproj]
C:\Program Files\dotnet\sdk\10.0.201\Microsoft.Common.CurrentVersion.targets(5395,5): warning MSB3026: Could not copy "C:\c#football_booking\FootballBooking.Web\obj\Debug\net10.0\apphost.exe" to "bin\Debug\net10.0\FootballBooking.Web.exe". Beginning retry 2 in 1000ms. The process cannot access the file 'C:\c#football_booking\FootballBooking.Web\bin\Debug\net10.0\FootballBooking.Web.exe' because it is being used by another process. The file is locked by: "FootballBooking.Web (21068)" [C:\c#football_booking\FootballBooking.Web\FootballBooking.Web.csproj]
C:\Program Files\dotnet\sdk\10.0.201\Microsoft.Common.CurrentVersion.targets(5395,5): warning MSB3026: Could not copy "C:\c#football_booking\FootballBooking.Web\obj\Debug\net10.0\apphost.exe" to "bin\Debug\net10.0\FootballBooking.Web.exe". Beginning retry 3 in 1000ms. The process cannot access the file 'C:\c#football_booking\FootballBooking.Web\bin\Debug\net10.0\FootballBooking.Web.exe' because it is being used by another process. The file is locked by: "FootballBooking.Web (21068)" [C:\c#football_booking\FootballBooking.Web\FootballBooking.Web.csproj]
C:\Program Files\dotnet\sdk\10.0.201\Microsoft.Common.CurrentVersion.targets(5395,5): warning MSB3026: Could not copy "C:\c#football_booking\FootballBooking.Web\obj\Debug\net10.0\apphost.exe" to "bin\Debug\net10.0\FootballBooking.Web.exe". Beginning retry 4 in 1000ms. The process cannot access the file 'C:\c#football_booking\FootballBooking.Web\bin\Debug\net10.0\FootballBooking.Web.exe' because it is being used by another process. The file is locked by: "FootballBooking.Web (21068)" [C:\c#football_booking\FootballBooking.Web\FootballBooking.Web.csproj]
C:\Program Files\dotnet\sdk\10.0.201\Microsoft.Common.CurrentVersion.targets(5395,5): warning MSB3026: Could not copy "C:\c#football_booking\FootballBooking.Web\obj\Debug\net10.0\apphost.exe" to "bin\Debug\net10.0\FootballBooking.Web.exe". Beginning retry 5 in 1000ms. The process cannot access the file 'C:\c#football_booking\FootballBooking.Web\bin\Debug\net10.0\FootballBooking.Web.exe' because it is being used by another process. The file is locked by: "FootballBooking.Web (21068)" [C:\c#football_booking\FootballBooking.Web\FootballBooking.Web.csproj]
C:\Program Files\dotnet\sdk\10.0.201\Microsoft.Common.CurrentVersion.targets(5395,5): warning MSB3026: Could not copy "C:\c#football_booking\FootballBooking.Web\obj\Debug\net10.0\apphost.exe" to "bin\Debug\net10.0\FootballBooking.Web.exe". Beginning retry 6 in 1000ms. The process cannot access the file 'C:\c#football_booking\FootballBooking.Web\bin\Debug\net10.0\FootballBooking.Web.exe' because it is being used by another process. The file is locked by: "FootballBooking.Web (21068)" [C:\c#football_booking\FootballBooking.Web\FootballBooking.Web.csproj]
C:\Program Files\dotnet\sdk\10.0.201\Microsoft.Common.CurrentVersion.targets(5395,5): warning MSB3026: Could not copy "C:\c#football_booking\FootballBooking.Web\obj\Debug\net10.0\apphost.exe" to "bin\Debug\net10.0\FootballBooking.Web.exe". Beginning retry 7 in 1000ms. The process cannot access the file 'C:\c#football_booking\FootballBooking.Web\bin\Debug\net10.0\FootballBooking.Web.exe' because it is being used by another process. The file is locked by: "FootballBooking.Web (21068)" [C:\c#football_booking\FootballBooking.Web\FootballBooking.Web.csproj]
C:\Program Files\dotnet\sdk\10.0.201\Microsoft.Common.CurrentVersion.targets(5395,5): warning MSB3026: Could not copy "C:\c#football_booking\FootballBooking.Web\obj\Debug\net10.0\apphost.exe" to "bin\Debug\net10.0\FootballBooking.Web.exe". Beginning retry 8 in 1000ms. The process cannot access the file 'C:\c#football_booking\FootballBooking.Web\bin\Debug\net10.0\FootballBooking.Web.exe' because it is being used by another process. The file is locked by: "FootballBooking.Web (21068)" [C:\c#football_booking\FootballBooking.Web\FootballBooking.Web.csproj]
C:\Program Files\dotnet\sdk\10.0.201\Microsoft.Common.CurrentVersion.targets(5395,5): warning MSB3026: Could not copy "C:\c#football_booking\FootballBooking.Web\obj\Debug\net10.0\apphost.exe" to "bin\Debug\net10.0\FootballBooking.Web.exe". Beginning retry 9 in 1000ms. The process cannot access the file 'C:\c#football_booking\FootballBooking.Web\bin\Debug\net10.0\FootballBooking.Web.exe' because it is being used by another process. The file is locked by: "FootballBooking.Web (21068)" [C:\c#football_booking\FootballBooking.Web\FootballBooking.Web.csproj]
C:\Program Files\dotnet\sdk\10.0.201\Microsoft.Common.CurrentVersion.targets(5395,5): warning MSB3026: Could not copy "C:\c#football_booking\FootballBooking.Web\obj\Debug\net10.0\apphost.exe" to "bin\Debug\net10.0\FootballBooking.Web.exe". Beginning retry 10 in 1000ms. The process cannot access the file 'C:\c#football_booking\FootballBooking.Web\bin\Debug\net10.0\FootballBooking.Web.exe' because it is being used by another process. The file is locked by: "FootballBooking.Web (21068)" [C:\c#football_booking\FootballBooking.Web\FootballBooking.Web.csproj]
C:\Program Files\dotnet\sdk\10.0.201\Microsoft.Common.CurrentVersion.targets(5395,5): error MSB3027: Could not copy "C:\c#football_booking\FootballBooking.Web\obj\Debug\net10.0\apphost.exe" to "bin\Debug\net10.0\FootballBooking.Web.exe". Exceeded retry count of 10. Failed. The file is locked by: "FootballBooking.Web (21068)" [C:\c#football_booking\FootballBooking.Web\FootballBooking.Web.csproj]
C:\Program Files\dotnet\sdk\10.0.201\Microsoft.Common.CurrentVersion.targets(5395,5): error MSB3021: Unable to copy file "C:\c#football_booking\FootballBooking.Web\obj\Debug\net10.0\apphost.exe" to "bin\Debug\net10.0\FootballBooking.Web.exe". The process cannot access the file 'C:\c#football_booking\FootballBooking.Web\bin\Debug\net10.0\FootballBooking.Web.exe' because it is being used by another process. [C:\c#football_booking\FootballBooking.Web\FootballBooking.Web.csproj]

Build FAILED.

C:\Program Files\dotnet\sdk\10.0.201\Microsoft.Common.CurrentVersion.targets(5395,5): warning MSB3026: Could not copy "C:\c#football_booking\FootballBooking.Web\obj\Debug\net10.0\apphost.exe" to "bin\Debug\net10.0\FootballBooking.Web.exe". Beginning retry 1 in 1000ms. The process cannot access the file 'C:\c#football_booking\FootballBooking.Web\bin\Debug\net10.0\FootballBooking.Web.exe' because it is being used by another process. The file is locked by: "FootballBooking.Web (21068)" [C:\c#football_booking\FootballBooking.Web\FootballBooking.Web.csproj]
C:\Program Files\dotnet\sdk\10.0.201\Microsoft.Common.CurrentVersion.targets(5395,5): warning MSB3026: Could not copy "C:\c#football_booking\FootballBooking.Web\obj\Debug\net10.0\apphost.exe" to "bin\Debug\net10.0\FootballBooking.Web.exe". Beginning retry 2 in 1000ms. The process cannot access the file 'C:\c#football_booking\FootballBooking.Web\bin\Debug\net10.0\FootballBooking.Web.exe' because it is being used by another process. The file is locked by: "FootballBooking.Web (21068)" [C:\c#football_booking\FootballBooking.Web\FootballBooking.Web.csproj]
C:\Program Files\dotnet\sdk\10.0.201\Microsoft.Common.CurrentVersion.targets(5395,5): warning MSB3026: Could not copy "C:\c#football_booking\FootballBooking.Web\obj\Debug\net10.0\apphost.exe" to "bin\Debug\net10.0\FootballBooking.Web.exe". Beginning retry 3 in 1000ms. The process cannot access the file 'C:\c#football_booking\FootballBooking.Web\bin\Debug\net10.0\FootballBooking.Web.exe' because it is being used by another process. The file is locked by: "FootballBooking.Web (21068)" [C:\c#football_booking\FootballBooking.Web\FootballBooking.Web.csproj]
C:\Program Files\dotnet\sdk\10.0.201\Microsoft.Common.CurrentVersion.targets(5395,5): warning MSB3026: Could not copy "C:\c#football_booking\FootballBooking.Web\obj\Debug\net10.0\apphost.exe" to "bin\Debug\net10.0\FootballBooking.Web.exe". Beginning retry 4 in 1000ms. The process cannot access the file 'C:\c#football_booking\FootballBooking.Web\bin\Debug\net10.0\FootballBooking.Web.exe' because it is being used by another process. The file is locked by: "FootballBooking.Web (21068)" [C:\c#football_booking\FootballBooking.Web\FootballBooking.Web.csproj]
C:\Program Files\dotnet\sdk\10.0.201\Microsoft.Common.CurrentVersion.targets(5395,5): warning MSB3026: Could not copy "C:\c#football_booking\FootballBooking.Web\obj\Debug\net10.0\apphost.exe" to "bin\Debug\net10.0\FootballBooking.Web.exe". Beginning retry 5 in 1000ms. The process cannot access the file 'C:\c#football_booking\FootballBooking.Web\bin\Debug\net10.0\FootballBooking.Web.exe' because it is being used by another process. The file is locked by: "FootballBooking.Web (21068)" [C:\c#football_booking\FootballBooking.Web\FootballBooking.Web.csproj]
C:\Program Files\dotnet\sdk\10.0.201\Microsoft.Common.CurrentVersion.targets(5395,5): warning MSB3026: Could not copy "C:\c#football_booking\FootballBooking.Web\obj\Debug\net10.0\apphost.exe" to "bin\Debug\net10.0\FootballBooking.Web.exe". Beginning retry 6 in 1000ms. The process cannot access the file 'C:\c#football_booking\FootballBooking.Web\bin\Debug\net10.0\FootballBooking.Web.exe' because it is being used by another process. The file is locked by: "FootballBooking.Web (21068)" [C:\c#football_booking\FootballBooking.Web\FootballBooking.Web.csproj]
C:\Program Files\dotnet\sdk\10.0.201\Microsoft.Common.CurrentVersion.targets(5395,5): warning MSB3026: Could not copy "C:\c#football_booking\FootballBooking.Web\obj\Debug\net10.0\apphost.exe" to "bin\Debug\net10.0\FootballBooking.Web.exe". Beginning retry 7 in 1000ms. The process cannot access the file 'C:\c#football_booking\FootballBooking.Web\bin\Debug\net10.0\FootballBooking.Web.exe' because it is being used by another process. The file is locked by: "FootballBooking.Web (21068)" [C:\c#football_booking\FootballBooking.Web\FootballBooking.Web.csproj]
C:\Program Files\dotnet\sdk\10.0.201\Microsoft.Common.CurrentVersion.targets(5395,5): warning MSB3026: Could not copy "C:\c#football_booking\FootballBooking.Web\obj\Debug\net10.0\apphost.exe" to "bin\Debug\net10.0\FootballBooking.Web.exe". Beginning retry 8 in 1000ms. The process cannot access the file 'C:\c#football_booking\FootballBooking.Web\bin\Debug\net10.0\FootballBooking.Web.exe' because it is being used by another process. The file is locked by: "FootballBooking.Web (21068)" [C:\c#football_booking\FootballBooking.Web\FootballBooking.Web.csproj]
C:\Program Files\dotnet\sdk\10.0.201\Microsoft.Common.CurrentVersion.targets(5395,5): warning MSB3026: Could not copy "C:\c#football_booking\FootballBooking.Web\obj\Debug\net10.0\apphost.exe" to "bin\Debug\net10.0\FootballBooking.Web.exe". Beginning retry 9 in 1000ms. The process cannot access the file 'C:\c#football_booking\FootballBooking.Web\bin\Debug\net10.0\FootballBooking.Web.exe' because it is being used by another process. The file is locked by: "FootballBooking.Web (21068)" [C:\c#football_booking\FootballBooking.Web\FootballBooking.Web.csproj]
C:\Program Files\dotnet\sdk\10.0.201\Microsoft.Common.CurrentVersion.targets(5395,5): warning MSB3026: Could not copy "C:\c#football_booking\FootballBooking.Web\obj\Debug\net10.0\apphost.exe" to "bin\Debug\net10.0\FootballBooking.Web.exe". Beginning retry 10 in 1000ms. The process cannot access the file 'C:\c#football_booking\FootballBooking.Web\bin\Debug\net10.0\FootballBooking.Web.exe' because it is being used by another process. The file is locked by: "FootballBooking.Web (21068)" [C:\c#football_booking\FootballBooking.Web\FootballBooking.Web.csproj]
C:\Program Files\dotnet\sdk\10.0.201\Microsoft.Common.CurrentVersion.targets(5395,5): error MSB3027: Could not copy "C:\c#football_booking\FootballBooking.Web\obj\Debug\net10.0\apphost.exe" to "bin\Debug\net10.0\FootballBooking.Web.exe". Exceeded retry count of 10. Failed. The file is locked by: "FootballBooking.Web (21068)" [C:\c#football_booking\FootballBooking.Web\FootballBooking.Web.csproj]
C:\Program Files\dotnet\sdk\10.0.201\Microsoft.Common.CurrentVersion.targets(5395,5): error MSB3021: Unable to copy file "C:\c#football_booking\FootballBooking.Web\obj\Debug\net10.0\apphost.exe" to "bin\Debug\net10.0\FootballBooking.Web.exe". The process cannot access the file 'C:\c#football_booking\FootballBooking.Web\bin\Debug\net10.0\FootballBooking.Web.exe' because it is being used by another process. [C:\c#football_booking\FootballBooking.Web\FootballBooking.Web.csproj]
    10 Warning(s)
    2 Error(s)

Time Elapsed 00:00:17.34
